<html>
<body>
<pre>
<h1>µVision Build Log</h1>
<h2>Tool Versions:</h2>
IDE-Version: µVision V5.43.1.0
Copyright (C) 2025 ARM Ltd and ARM Germany GmbH. All rights reserved.
License Information: Giorgio Rosson, Politecnico di Torino, LIC=----
 
Tool Versions:
Toolchain:       MDK-Lite  Version: 5.43.0.0
Toolchain Path:  C:\Users\giorg\AppData\Local\Keil_v5\ARM\ARMCLANG\Bin
C Compiler:      ArmClang.exe V6.24
Assembler:       Armasm.exe V6.24
Linker/Locator:  ArmLink.exe V6.24
Library Manager: ArmAr.exe V6.24
Hex Converter:   FromElf.exe V6.24
CPU DLL:         SARMCM3.DLL V5.43.0.0
Dialog DLL:      DARMP1.DLL V1.28.1.0
Target DLL:      UL2CM3.DLL V1.164.16.0
Dialog DLL:      TARMP1.DLL V1.27.1.0
 
<h2>Project:</h2>
C:\Users\giorg\OneDrive\Desktop\Universita\architetture\extra point\githubextrapoint\extrapoint_ase\copia gemini\LandTiger-TemplateComplete\LandTiger-TemplateComplete\LandTiger-Template-main\sample.uvprojx
Project File Date:  01/08/2026

<h2>Output:</h2>
*** Using Compiler 'V6.24', folder: 'C:\Users\giorg\AppData\Local\Keil_v5\ARM\ARMCLANG\Bin'
Rebuild target 'SW_Debug'
assembling startup_LPC17xx.s...
creating preprocessor file for functions.c...
creating preprocessor file for utils.c...
compiling utils.c...
creating preprocessor file for game.c...
compiling system_LPC17xx.c...
creating preprocessor file for system_LPC17xx.c...
creating preprocessor file for sample.c...
compiling functions.c...
Source/sample.c(15): warning: In file included from...
Source\game.h(43): warning: 'Grey' macro redefined [-Wmacro-redefined]
   43 | #define Grey            0x8410      // Colore per High Score / Testi secondari
      |         ^
Source\GLCD/GLCD.h(65): note: previous definition is here
   65 | #define Grey           0xF7DE
      |         ^
1 warning generated.
compiling sample.c...
creating preprocessor file for funct_led.c...
creating preprocessor file for lib_led.c...
creating preprocessor file for IRQ_button.c...
creating preprocessor file for lib_button.c...
compiling lib_led.c...
compiling funct_led.c...
Source/game.c(8): warning: In file included from...
Source\GLCD/GLCD.h(65): warning: 'Grey' macro redefined [-Wmacro-redefined]
   65 | #define Grey           0xF7DE
      |         ^
Source\game.h(43): note: previous definition is here
   43 | #define Grey            0x8410      // Colore per High Score / Testi secondari
      |         ^
Source/game.c(8): warning: In file included from...
Source\GLCD/GLCD.h(71): warning: 'Cyan' macro redefined [-Wmacro-redefined]
   71 | #define Cyan           0x7FFF
      |         ^
Source\game.h(40): note: previous definition is here
   40 | #define Cyan            0x07FF
      |         ^
2 warnings generated.
compiling game.c...
creating preprocessor file for IRQ_RIT.c...
compiling IRQ_button.c...
compiling lib_button.c...
creating preprocessor file for lib_RIT.c...
creating preprocessor file for lib_joystick.c...
assembling ASM_functs.s...
compiling lib_RIT.c...
compiling lib_joystick.c...
Source/RIT/IRQ_RIT.c(9): warning: In file included from...
Source/RIT\../GLCD/GLCD.h(65): warning: 'Grey' macro redefined [-Wmacro-redefined]
   65 | #define Grey           0xF7DE
      |         ^
Source/RIT\../game.h(43): note: previous definition is here
   43 | #define Grey            0x8410      // Colore per High Score / Testi secondari
      |         ^
Source/RIT/IRQ_RIT.c(9): warning: In file included from...
Source/RIT\../GLCD/GLCD.h(71): warning: 'Cyan' macro redefined [-Wmacro-redefined]
   71 | #define Cyan           0x7FFF
      |         ^
Source/RIT\../game.h(40): note: previous definition is here
   40 | #define Cyan            0x07FF
      |         ^
2 warnings generated.
compiling IRQ_RIT.c...
creating preprocessor file for IRQ_timer.c...
creating preprocessor file for lib_timer.c...
compiling IRQ_timer.c...
creating preprocessor file for AsciiLib.c...
creating preprocessor file for GLCD.c...
compiling AsciiLib.c...
compiling lib_timer.c...
creating preprocessor file for HzLib.c...
creating preprocessor file for TouchPanel.c...
compiling TouchPanel.c...
compiling GLCD.c...
compiling HzLib.c...
linking...
Program Size: Code=14096 RO-data=1872 RW-data=4 ZI-data=1320  
".\Objects\sample_JOYSTICK.axf" - 0 Error(s), 5 Warning(s).

<h2>Software Packages used:</h2>

Package Vendor: ARM
                https://www.keil.com/pack/ARM.CMSIS.6.2.0.pack
                ARM::CMSIS@6.2.0
                CMSIS (Common Microcontroller Software Interface Standard)
   * Component: CORE Version: 6.1.1

Package Vendor: Keil
                https://www.keil.com/pack/Keil.LPC1700_DFP.2.7.2.pack
                Keil::LPC1700_DFP@2.7.2
                NXP LPC1700 Series Device Support, Drivers and Examples for MCB1700 and LPC1788-32

<h2>Collection of Component include folders:</h2>
  ./RTE/_SW_Debug
  C:/Users/giorg/AppData/Local/Arm/Packs/ARM/CMSIS/6.2.0/CMSIS/Core/Include
  C:/Users/giorg/AppData/Local/Arm/Packs/Keil/LPC1700_DFP/2.7.2/Device/Include

<h2>Collection of Component Files used:</h2>

   * Component: ARM::CMSIS:CORE@6.1.1
Build Time Elapsed:  00:00:02
</pre>
</body>
</html>
