Component: Arm Compiler for Embedded 6.24 Tool: armlink [5f371500]

==============================================================================

Section Cross References

    startup_lpc17xx.o(STACK) refers (Special) to heapauxi.o(.text) for __use_two_region_memory
    startup_lpc17xx.o(HEAP) refers (Special) to heapauxi.o(.text) for __use_two_region_memory
    startup_lpc17xx.o(RESET) refers (Special) to heapauxi.o(.text) for __use_two_region_memory
    startup_lpc17xx.o(RESET) refers to startup_lpc17xx.o(STACK) for __initial_sp
    startup_lpc17xx.o(RESET) refers to startup_lpc17xx.o(.text) for Reset_Handler
    startup_lpc17xx.o(RESET) refers to irq_timer.o(.text) for TIMER0_IRQHandler
    startup_lpc17xx.o(RESET) refers to irq_button.o(.text) for EINT0_IRQHandler
    startup_lpc17xx.o(RESET) refers to irq_rit.o(.text) for RIT_IRQHandler
    startup_lpc17xx.o(.ARM.__at_0x02FC) refers (Special) to heapauxi.o(.text) for __use_two_region_memory
    startup_lpc17xx.o(.text) refers (Special) to heapauxi.o(.text) for __use_two_region_memory
    startup_lpc17xx.o(.text) refers to __main.o(!!!main) for __main
    startup_lpc17xx.o(.text) refers to startup_lpc17xx.o(HEAP) for Heap_Mem
    startup_lpc17xx.o(.text) refers to startup_lpc17xx.o(STACK) for Stack_Mem
    sample.o(.text) refers to system_lpc17xx.o(.text) for SystemInit
    sample.o(.text) refers to glcd.o(.text) for LCD_Initialization
    sample.o(.text) refers to game.o(.text) for DrawGridOutline
    sample.o(.text) refers to lib_joystick.o(.text) for joystick_init
    sample.o(.text) refers to lib_rit.o(.text) for init_RIT
    sample.o(.text) refers to lib_timer.o(.text) for init_timer
    sample.o(.text) refers to lib_button.o(.text) for BUTTON_init
    sample.o(.text) refers to game.o(.bss.currentGameState) for currentGameState
    sample.o(.text) refers to game.o(.bss.score) for score
    sample.o(.text) refers to game.o(.bss.linesCleared) for linesCleared
    sample.o(.text) refers to game.o(.bss.highScore) for highScore
    sample.o(.ARM.exidx) refers to sample.o(.text) for [Anonymous Symbol]
    functions.o(.text) refers to funct_led.o(.text) for LED_Out
    functions.o(.ARM.exidx) refers to functions.o(.text) for [Anonymous Symbol]
    game.o(.text) refers to glcd.o(.text) for LCD_DrawLine
    game.o(.text) refers to game.o(.bss.board) for board
    game.o(.text) refers to game.o(.bss.score) for score
    game.o(.text) refers to game.o(.bss.linesCleared) for linesCleared
    game.o(.text) refers to rand.o(.emb_text) for rand
    game.o(.text) refers to game.o(.rodata.TETROMINOS) for TETROMINOS
    game.o(.text) refers to game.o(.bss.currentPiece) for currentPiece
    game.o(.text) refers to game.o(.bss.currentX) for currentX
    game.o(.text) refers to game.o(.bss.currentY) for currentY
    game.o(.ARM.exidx) refers to game.o(.text) for [Anonymous Symbol]
    system_lpc17xx.o(.text) refers to system_lpc17xx.o(.data.SystemFrequency) for SystemFrequency
    system_lpc17xx.o(.text) refers to system_lpc17xx.o(.bss.ScaleFlag) for ScaleFlag
    system_lpc17xx.o(.ARM.exidx) refers to system_lpc17xx.o(.text) for [Anonymous Symbol]
    funct_led.o(.text) refers to funct_led.o(.rodata.led_mask) for led_mask
    funct_led.o(.text) refers to lib_led.o(.bss.led_value) for led_value
    funct_led.o(.ARM.exidx) refers to funct_led.o(.text) for [Anonymous Symbol]
    lib_led.o(.text) refers to lib_led.o(.bss.led_value) for led_value
    lib_led.o(.ARM.exidx) refers to lib_led.o(.text) for [Anonymous Symbol]
    irq_button.o(.text) refers to irq_rit.o(.bss.down_0) for down_0
    irq_button.o(.text) refers to irq_rit.o(.bss.down_1) for down_1
    irq_button.o(.text) refers to irq_rit.o(.bss.down_2) for down_2
    irq_button.o(.ARM.exidx) refers to irq_button.o(.text) for [Anonymous Symbol]
    lib_button.o(.ARM.exidx) refers to lib_button.o(.text) for [Anonymous Symbol]
    irq_rit.o(.text) refers to irq_rit.o(.bss.down_0) for down_0
    irq_rit.o(.text) refers to irq_rit.o(.bss.toRelease_down_0) for toRelease_down_0
    irq_rit.o(.text) refers to irq_rit.o(.bss.down_1) for down_1
    irq_rit.o(.text) refers to game.o(.bss.currentGameState) for currentGameState
    irq_rit.o(.text) refers to rand.o(.text) for srand
    irq_rit.o(.text) refers to game.o(.text) for ResetGame
    irq_rit.o(.text) refers to irq_rit.o(.bss.toRelease_down_1) for toRelease_down_1
    irq_rit.o(.text) refers to glcd.o(.text) for GUI_Text
    irq_rit.o(.text) refers to irq_rit.o(.bss.down_2) for down_2
    irq_rit.o(.text) refers to irq_rit.o(.bss.toRelease_down_2) for toRelease_down_2
    irq_rit.o(.text) refers to irq_rit.o(.bss.J_up_left) for J_up_left
    irq_rit.o(.text) refers to irq_rit.o(.bss.J_up_right) for J_up_right
    irq_rit.o(.text) refers to irq_rit.o(.bss.J_down_left) for J_down_left
    irq_rit.o(.text) refers to irq_rit.o(.bss.J_down_right) for J_down_right
    irq_rit.o(.text) refers to irq_rit.o(.bss.J_up) for J_up
    irq_rit.o(.text) refers to irq_rit.o(.bss.J_down) for J_down
    irq_rit.o(.text) refers to irq_rit.o(.bss.J_right) for J_right
    irq_rit.o(.text) refers to irq_rit.o(.bss.J_left) for J_left
    irq_rit.o(.text) refers to irq_rit.o(.bss.J_click) for J_click
    irq_rit.o(.ARM.exidx) refers to irq_rit.o(.text) for [Anonymous Symbol]
    lib_rit.o(.ARM.exidx) refers to lib_rit.o(.text) for [Anonymous Symbol]
    lib_joystick.o(.ARM.exidx) refers to lib_joystick.o(.text) for [Anonymous Symbol]
    asm_functs.o(asm_functions) refers to fdiv.o(x$fpl$fdiv) for __aeabi_fdiv
    irq_timer.o(.text) refers to game.o(.bss.currentGameState) for currentGameState
    irq_timer.o(.text) refers to game.o(.bss.currentPiece) for currentPiece
    irq_timer.o(.text) refers to game.o(.bss.currentY) for currentY
    irq_timer.o(.text) refers to game.o(.bss.currentX) for currentX
    irq_timer.o(.text) refers to game.o(.text) for DrawPiece
    irq_timer.o(.ARM.exidx) refers to irq_timer.o(.text) for [Anonymous Symbol]
    lib_timer.o(.text) refers to fflt_clz.o(x$fpl$ffltu) for __aeabi_ui2f
    lib_timer.o(.text) refers to fdiv.o(x$fpl$fdiv) for __aeabi_fdiv
    lib_timer.o(.ARM.exidx) refers to lib_timer.o(.text) for [Anonymous Symbol]
    asciilib.o(.text) refers to asciilib.o(.rodata.AsciiLib) for AsciiLib
    asciilib.o(.ARM.exidx) refers to asciilib.o(.text) for [Anonymous Symbol]
    glcd.o(.text) refers to asciilib.o(.text) for GetASCIICode
    glcd.o(.ARM.exidx) refers to glcd.o(.text) for [Anonymous Symbol]
    hzlib.o(.text) refers to hzlib.o(.rodata.HzLib) for HzLib
    hzlib.o(.text) refers to rt_memcpy_v6.o(.text) for __aeabi_memcpy
    hzlib.o(.ARM.exidx) refers to hzlib.o(.text) for [Anonymous Symbol]
    touchpanel.o(.text) refers to glcd.o(.text) for LCD_SetPoint
    touchpanel.o(.text) refers to rt_memclr_w.o(.text) for __aeabi_memclr4
    touchpanel.o(.text) refers to touchpanel.o(.bss.Read_Ads7846.screen) for Read_Ads7846.screen
    touchpanel.o(.text) refers to dflt_clz.o(x$fpl$dflt) for __aeabi_i2d
    touchpanel.o(.text) refers to dcmp.o(x$fpl$fcmp) for __aeabi_dcmpeq
    touchpanel.o(.text) refers to dflt_clz.o(x$fpl$dfltu) for __aeabi_ui2d
    touchpanel.o(.text) refers to dmul.o(x$fpl$dmul) for __aeabi_dmul
    touchpanel.o(.text) refers to daddsub_clz.o(x$fpl$dadd) for __aeabi_dadd
    touchpanel.o(.text) refers to ddiv.o(x$fpl$ddiv) for __aeabi_ddiv
    touchpanel.o(.text) refers to dfix.o(x$fpl$dfix) for __aeabi_d2iz
    touchpanel.o(.text) refers to touchpanel.o(.data.DisplaySample) for DisplaySample
    touchpanel.o(.text) refers to touchpanel.o(.bss.ScreenSample) for ScreenSample
    touchpanel.o(.text) refers to touchpanel.o(.bss.matrix) for matrix
    touchpanel.o(.ARM.exidx) refers to touchpanel.o(.text) for [Anonymous Symbol]
    rand.o(.emb_text) refers (Special) to libinit2.o(.ARM.Collect$$libinit$$0000000F) for __rt_lib_init_rand_2
    rand.o(.emb_text) refers to rand.o(.text) for _rand_init
    rand.o(.emb_text) refers to rand.o(.bss) for _random_number_data
    rand.o(.text) refers (Special) to libinit2.o(.ARM.Collect$$libinit$$0000000F) for __rt_lib_init_rand_2
    rand.o(.text) refers to rand.o(.bss) for .bss
    rand.o(.bss) refers (Special) to libinit2.o(.ARM.Collect$$libinit$$0000000F) for __rt_lib_init_rand_2
    rt_memcpy_v6.o(.text) refers to rt_memcpy_w.o(.text) for __aeabi_memcpy4
    __main.o(!!!main) refers to __rtentry.o(.ARM.Collect$$rtentry$$00000000) for __rt_entry
    daddsub_clz.o(x$fpl$dadd) refers (Special) to usenofp.o(x$fpl$usenofp) for __I$use$fp
    daddsub_clz.o(x$fpl$dadd) refers to daddsub_clz.o(x$fpl$dsub) for _dsub1
    daddsub_clz.o(x$fpl$dadd) refers to dretinf.o(x$fpl$dretinf) for __fpl_dretinf
    daddsub_clz.o(x$fpl$dadd) refers to dnaninf.o(x$fpl$dnaninf) for __fpl_dnaninf
    daddsub_clz.o(x$fpl$drsb) refers (Special) to usenofp.o(x$fpl$usenofp) for __I$use$fp
    daddsub_clz.o(x$fpl$drsb) refers to daddsub_clz.o(x$fpl$dadd) for _dadd1
    daddsub_clz.o(x$fpl$drsb) refers to daddsub_clz.o(x$fpl$dsub) for _dsub1
    daddsub_clz.o(x$fpl$dsub) refers (Special) to usenofp.o(x$fpl$usenofp) for __I$use$fp
    daddsub_clz.o(x$fpl$dsub) refers to daddsub_clz.o(x$fpl$dadd) for _dadd1
    daddsub_clz.o(x$fpl$dsub) refers to dnaninf.o(x$fpl$dnaninf) for __fpl_dnaninf
    dcmp.o(x$fpl$fcmp) refers (Special) to usenofp.o(x$fpl$usenofp) for __I$use$fp
    dcmp.o(x$fpl$fcmp) refers to deqf.o(x$fpl$deqf) for _dcmpeq
    dcmp.o(x$fpl$fcmp) refers to dgeqf.o(x$fpl$dgeqf) for _dcmpge
    dcmp.o(x$fpl$fcmp) refers to dleqf.o(x$fpl$dleqf) for _dcmple
    ddiv.o(x$fpl$drdiv) refers (Special) to usenofp.o(x$fpl$usenofp) for __I$use$fp
    ddiv.o(x$fpl$drdiv) refers to ddiv.o(x$fpl$ddiv) for ddiv_entry
    ddiv.o(x$fpl$ddiv) refers (Special) to usenofp.o(x$fpl$usenofp) for __I$use$fp
    ddiv.o(x$fpl$ddiv) refers to dretinf.o(x$fpl$dretinf) for __fpl_dretinf
    ddiv.o(x$fpl$ddiv) refers to dnaninf.o(x$fpl$dnaninf) for __fpl_dnaninf
    dfix.o(x$fpl$dfix) refers (Special) to usenofp.o(x$fpl$usenofp) for __I$use$fp
    dfix.o(x$fpl$dfix) refers to dnaninf.o(x$fpl$dnaninf) for __fpl_dnaninf
    dfix.o(x$fpl$dfixr) refers (Special) to usenofp.o(x$fpl$usenofp) for __I$use$fp
    dfix.o(x$fpl$dfixr) refers to dnaninf.o(x$fpl$dnaninf) for __fpl_dnaninf
    dflt_clz.o(x$fpl$dfltu) refers (Special) to usenofp.o(x$fpl$usenofp) for __I$use$fp
    dflt_clz.o(x$fpl$dflt) refers (Special) to usenofp.o(x$fpl$usenofp) for __I$use$fp
    dflt_clz.o(x$fpl$dfltn) refers (Special) to usenofp.o(x$fpl$usenofp) for __I$use$fp
    dmul.o(x$fpl$dmul) refers (Special) to usenofp.o(x$fpl$usenofp) for __I$use$fp
    dmul.o(x$fpl$dmul) refers to dretinf.o(x$fpl$dretinf) for __fpl_dretinf
    dmul.o(x$fpl$dmul) refers to dnaninf.o(x$fpl$dnaninf) for __fpl_dnaninf
    fdiv.o(x$fpl$frdiv) refers (Special) to usenofp.o(x$fpl$usenofp) for __I$use$fp
    fdiv.o(x$fpl$frdiv) refers to fdiv.o(x$fpl$fdiv) for _fdiv1
    fdiv.o(x$fpl$fdiv) refers (Special) to usenofp.o(x$fpl$usenofp) for __I$use$fp
    fdiv.o(x$fpl$fdiv) refers to fretinf.o(x$fpl$fretinf) for __fpl_fretinf
    fdiv.o(x$fpl$fdiv) refers to fnaninf.o(x$fpl$fnaninf) for __fpl_fnaninf
    fflt_clz.o(x$fpl$ffltu) refers (Special) to usenofp.o(x$fpl$usenofp) for __I$use$fp
    fflt_clz.o(x$fpl$fflt) refers (Special) to usenofp.o(x$fpl$usenofp) for __I$use$fp
    fflt_clz.o(x$fpl$ffltn) refers (Special) to usenofp.o(x$fpl$usenofp) for __I$use$fp
    __rtentry.o(.ARM.Collect$$rtentry$$00000000) refers (Special) to __rtentry2.o(.ARM.Collect$$rtentry$$0000000A) for __rt_entry_li
    __rtentry.o(.ARM.Collect$$rtentry$$00000000) refers (Special) to __rtentry2.o(.ARM.Collect$$rtentry$$0000000D) for __rt_entry_main
    __rtentry.o(.ARM.Collect$$rtentry$$00000000) refers (Special) to __rtentry2.o(.ARM.Collect$$rtentry$$0000000C) for __rt_entry_postli_1
    __rtentry.o(.ARM.Collect$$rtentry$$00000000) refers (Special) to __rtentry2.o(.ARM.Collect$$rtentry$$00000009) for __rt_entry_postsh_1
    __rtentry.o(.ARM.Collect$$rtentry$$00000000) refers (Special) to __rtentry2.o(.ARM.Collect$$rtentry$$00000002) for __rt_entry_presh_1
    __rtentry.o(.ARM.Collect$$rtentry$$00000000) refers (Special) to __rtentry4.o(.ARM.Collect$$rtentry$$00000004) for __rt_entry_sh
    libinit2.o(.ARM.Collect$$libinit$$0000000F) refers (Weak) to rand.o(.text) for _rand_init
    libinit2.o(.ARM.Collect$$libinit$$00000012) refers to libinit2.o(.ARM.Collect$$libinit$$00000011) for .ARM.Collect$$libinit$$00000011
    libinit2.o(.ARM.Collect$$libinit$$00000014) refers to libinit2.o(.ARM.Collect$$libinit$$00000011) for .ARM.Collect$$libinit$$00000011
    libinit2.o(.ARM.Collect$$libinit$$00000016) refers to libinit2.o(.ARM.Collect$$libinit$$00000011) for .ARM.Collect$$libinit$$00000011
    libinit2.o(.ARM.Collect$$libinit$$00000018) refers to libinit2.o(.ARM.Collect$$libinit$$00000011) for .ARM.Collect$$libinit$$00000011
    libinit2.o(.ARM.Collect$$libinit$$0000001A) refers to libinit2.o(.ARM.Collect$$libinit$$00000011) for .ARM.Collect$$libinit$$00000011
    libinit2.o(.ARM.Collect$$libinit$$00000028) refers to argv_veneer.o(.emb_text) for __ARM_argv_veneer
    libinit2.o(.ARM.Collect$$libinit$$00000029) refers to argv_veneer.o(.emb_text) for __ARM_argv_veneer
    deqf.o(x$fpl$deqf) refers (Special) to usenofp.o(x$fpl$usenofp) for __I$use$fp
    deqf.o(x$fpl$deqf) refers to dnaninf.o(x$fpl$dnaninf) for __fpl_dnaninf
    deqf.o(x$fpl$deqf) refers to dcmpi.o(x$fpl$dcmpinf) for __fpl_dcmp_Inf
    dgeqf.o(x$fpl$dgeqf) refers (Special) to usenofp.o(x$fpl$usenofp) for __I$use$fp
    dgeqf.o(x$fpl$dgeqf) refers to dnaninf.o(x$fpl$dnaninf) for __fpl_dnaninf
    dgeqf.o(x$fpl$dgeqf) refers to dcmpi.o(x$fpl$dcmpinf) for __fpl_dcmp_Inf
    dleqf.o(x$fpl$dleqf) refers (Special) to usenofp.o(x$fpl$usenofp) for __I$use$fp
    dleqf.o(x$fpl$dleqf) refers to dnaninf.o(x$fpl$dnaninf) for __fpl_dnaninf
    dleqf.o(x$fpl$dleqf) refers to dcmpi.o(x$fpl$dcmpinf) for __fpl_dcmp_Inf
    dnaninf.o(x$fpl$dnaninf) refers (Special) to usenofp.o(x$fpl$usenofp) for __I$use$fp
    dretinf.o(x$fpl$dretinf) refers (Special) to usenofp.o(x$fpl$usenofp) for __I$use$fp
    fnaninf.o(x$fpl$fnaninf) refers (Special) to usenofp.o(x$fpl$usenofp) for __I$use$fp
    fretinf.o(x$fpl$fretinf) refers (Special) to usenofp.o(x$fpl$usenofp) for __I$use$fp
    __rtentry2.o(.ARM.Collect$$rtentry$$00000008) refers to boardinit2.o(.text) for _platform_post_stackheap_init
    __rtentry2.o(.ARM.Collect$$rtentry$$0000000A) refers to libinit.o(.ARM.Collect$$libinit$$00000000) for __rt_lib_init
    __rtentry2.o(.ARM.Collect$$rtentry$$0000000B) refers to boardinit3.o(.text) for _platform_post_lib_init
    __rtentry2.o(.ARM.Collect$$rtentry$$0000000D) refers to sample.o(.text) for main
    __rtentry2.o(.ARM.Collect$$rtentry$$0000000D) refers to exit.o(.text) for exit
    __rtentry2.o(.ARM.exidx) refers to __rtentry2.o(.ARM.Collect$$rtentry$$00000001) for .ARM.Collect$$rtentry$$00000001
    __rtentry2.o(.ARM.exidx) refers to __rtentry2.o(.ARM.Collect$$rtentry$$00000008) for .ARM.Collect$$rtentry$$00000008
    __rtentry2.o(.ARM.exidx) refers to __rtentry2.o(.ARM.Collect$$rtentry$$0000000A) for .ARM.Collect$$rtentry$$0000000A
    __rtentry2.o(.ARM.exidx) refers to __rtentry2.o(.ARM.Collect$$rtentry$$0000000B) for .ARM.Collect$$rtentry$$0000000B
    __rtentry2.o(.ARM.exidx) refers to __rtentry2.o(.ARM.Collect$$rtentry$$0000000D) for .ARM.Collect$$rtentry$$0000000D
    __rtentry4.o(.ARM.Collect$$rtentry$$00000004) refers to sys_stackheap_outer.o(.text) for __user_setup_stackheap
    __rtentry4.o(.ARM.exidx) refers to __rtentry4.o(.ARM.Collect$$rtentry$$00000004) for .ARM.Collect$$rtentry$$00000004
    argv_veneer.o(.emb_text) refers to no_argv.o(.text) for __ARM_get_argv
    dcmpi.o(x$fpl$dcmpinf) refers (Special) to usenofp.o(x$fpl$usenofp) for __I$use$fp
    sys_stackheap_outer.o(.text) refers to libspace.o(.text) for __user_perproc_libspace
    sys_stackheap_outer.o(.text) refers to startup_lpc17xx.o(.text) for __user_initial_stackheap
    exit.o(.text) refers to rtexit.o(.ARM.Collect$$rtexit$$00000000) for __rt_exit
    _get_argv_nomalloc.o(.text) refers (Special) to hrguard.o(.text) for __heap_region$guard
    _get_argv_nomalloc.o(.text) refers to defsig_rtmem_outer.o(.text) for __rt_SIGRTMEM
    _get_argv_nomalloc.o(.text) refers to sys_command.o(.text) for _sys_command_string
    libinit.o(.ARM.Collect$$libinit$$00000000) refers (Special) to libinit2.o(.ARM.Collect$$libinit$$00000030) for __rt_lib_init_alloca_1
    libinit.o(.ARM.Collect$$libinit$$00000000) refers (Special) to libinit2.o(.ARM.Collect$$libinit$$0000002E) for __rt_lib_init_argv_1
    libinit.o(.ARM.Collect$$libinit$$00000000) refers (Special) to libinit2.o(.ARM.Collect$$libinit$$0000001D) for __rt_lib_init_atexit_1
    libinit.o(.ARM.Collect$$libinit$$00000000) refers (Special) to libinit2.o(.ARM.Collect$$libinit$$00000023) for __rt_lib_init_clock_1
    libinit.o(.ARM.Collect$$libinit$$00000000) refers (Special) to libinit2.o(.ARM.Collect$$libinit$$00000034) for __rt_lib_init_cpp_1
    libinit.o(.ARM.Collect$$libinit$$00000000) refers (Special) to libinit2.o(.ARM.Collect$$libinit$$00000032) for __rt_lib_init_exceptions_1
    libinit.o(.ARM.Collect$$libinit$$00000000) refers (Special) to libinit2.o(.ARM.Collect$$libinit$$00000002) for __rt_lib_init_fp_1
    libinit.o(.ARM.Collect$$libinit$$00000000) refers (Special) to libinit2.o(.ARM.Collect$$libinit$$00000021) for __rt_lib_init_fp_trap_1
    libinit.o(.ARM.Collect$$libinit$$00000000) refers (Special) to libinit2.o(.ARM.Collect$$libinit$$00000025) for __rt_lib_init_getenv_1
    libinit.o(.ARM.Collect$$libinit$$00000000) refers (Special) to libinit2.o(.ARM.Collect$$libinit$$0000000C) for __rt_lib_init_heap_1
    libinit.o(.ARM.Collect$$libinit$$00000000) refers (Special) to libinit2.o(.ARM.Collect$$libinit$$00000013) for __rt_lib_init_lc_collate_1
    libinit.o(.ARM.Collect$$libinit$$00000000) refers (Special) to libinit2.o(.ARM.Collect$$libinit$$00000015) for __rt_lib_init_lc_ctype_1
    libinit.o(.ARM.Collect$$libinit$$00000000) refers (Special) to libinit2.o(.ARM.Collect$$libinit$$00000017) for __rt_lib_init_lc_monetary_1
    libinit.o(.ARM.Collect$$libinit$$00000000) refers (Special) to libinit2.o(.ARM.Collect$$libinit$$00000019) for __rt_lib_init_lc_numeric_1
    libinit.o(.ARM.Collect$$libinit$$00000000) refers (Special) to libinit2.o(.ARM.Collect$$libinit$$0000001B) for __rt_lib_init_lc_time_1
    libinit.o(.ARM.Collect$$libinit$$00000000) refers (Special) to libinit2.o(.ARM.Collect$$libinit$$00000006) for __rt_lib_init_preinit_1
    libinit.o(.ARM.Collect$$libinit$$00000000) refers (Special) to libinit2.o(.ARM.Collect$$libinit$$00000010) for __rt_lib_init_rand_1
    libinit.o(.ARM.Collect$$libinit$$00000000) refers (Special) to libinit2.o(.ARM.Collect$$libinit$$00000004) for __rt_lib_init_relocate_pie_1
    libinit.o(.ARM.Collect$$libinit$$00000000) refers (Special) to libinit2.o(.ARM.Collect$$libinit$$00000035) for __rt_lib_init_return
    libinit.o(.ARM.Collect$$libinit$$00000000) refers (Special) to libinit2.o(.ARM.Collect$$libinit$$0000001F) for __rt_lib_init_signal_1
    libinit.o(.ARM.Collect$$libinit$$00000000) refers (Special) to libinit2.o(.ARM.Collect$$libinit$$00000027) for __rt_lib_init_stdio_1
    libinit.o(.ARM.Collect$$libinit$$00000000) refers (Special) to libinit2.o(.ARM.Collect$$libinit$$0000000E) for __rt_lib_init_user_alloc_1
    sys_command.o(.text) refers (Special) to use_no_semi.o(.text) for __I$use$semihosting
    sys_command.o(.text) refers (Special) to indicate_semi.o(.text) for __semihosting_library_function
    sys_command_hlt.o(.text) refers (Special) to use_no_semi.o(.text) for __I$use$semihosting
    sys_command_hlt.o(.text) refers (Special) to indicate_semi.o(.text) for __semihosting_library_function
    libspace.o(.text) refers to libspace.o(.bss) for __libspace_start
    rtexit.o(.ARM.Collect$$rtexit$$00000000) refers (Special) to rtexit2.o(.ARM.Collect$$rtexit$$00000004) for __rt_exit_exit
    rtexit.o(.ARM.Collect$$rtexit$$00000000) refers (Special) to rtexit2.o(.ARM.Collect$$rtexit$$00000003) for __rt_exit_ls
    rtexit.o(.ARM.Collect$$rtexit$$00000000) refers (Special) to rtexit2.o(.ARM.Collect$$rtexit$$00000002) for __rt_exit_prels_1
    rtexit.o(.ARM.exidx) refers (Special) to rtexit2.o(.ARM.Collect$$rtexit$$00000004) for __rt_exit_exit
    rtexit.o(.ARM.exidx) refers (Special) to rtexit2.o(.ARM.Collect$$rtexit$$00000003) for __rt_exit_ls
    rtexit.o(.ARM.exidx) refers (Special) to rtexit2.o(.ARM.Collect$$rtexit$$00000002) for __rt_exit_prels_1
    rtexit.o(.ARM.exidx) refers to rtexit.o(.ARM.Collect$$rtexit$$00000000) for .ARM.Collect$$rtexit$$00000000
    defsig_rtmem_outer.o(.text) refers to defsig_rtmem_inner.o(.text) for __rt_SIGRTMEM_inner
    defsig_rtmem_outer.o(.text) refers to defsig_exit.o(.text) for __sig_exit
    defsig_rtmem_formal.o(.text) refers to rt_raise.o(.text) for __rt_raise
    rtexit2.o(.ARM.Collect$$rtexit$$00000003) refers to libshutdown.o(.ARM.Collect$$libshutdown$$00000000) for __rt_lib_shutdown
    rtexit2.o(.ARM.Collect$$rtexit$$00000004) refers to sys_exit.o(.text) for _sys_exit
    rtexit2.o(.ARM.exidx) refers to rtexit2.o(.ARM.Collect$$rtexit$$00000001) for .ARM.Collect$$rtexit$$00000001
    rtexit2.o(.ARM.exidx) refers to rtexit2.o(.ARM.Collect$$rtexit$$00000003) for .ARM.Collect$$rtexit$$00000003
    rtexit2.o(.ARM.exidx) refers to rtexit2.o(.ARM.Collect$$rtexit$$00000004) for .ARM.Collect$$rtexit$$00000004
    rt_raise.o(.text) refers to __raise.o(.text) for __raise
    rt_raise.o(.text) refers to sys_exit.o(.text) for _sys_exit
    defsig_exit.o(.text) refers to sys_exit.o(.text) for _sys_exit
    defsig_rtmem_inner.o(.text) refers to defsig_general.o(.text) for __default_signal_display
    sys_exit.o(.text) refers (Special) to use_no_semi.o(.text) for __I$use$semihosting
    sys_exit.o(.text) refers (Special) to indicate_semi.o(.text) for __semihosting_library_function
    sys_exit_hlt.o(.text) refers (Special) to use_no_semi.o(.text) for __I$use$semihosting
    sys_exit_hlt.o(.text) refers (Special) to indicate_semi.o(.text) for __semihosting_library_function
    __raise.o(.text) refers to defsig.o(CL$$defsig) for __default_signal_handler
    defsig_general.o(.text) refers to sys_wrch.o(.text) for _ttywrch
    libshutdown.o(.ARM.Collect$$libshutdown$$00000000) refers (Special) to libshutdown2.o(.ARM.Collect$$libshutdown$$00000002) for __rt_lib_shutdown_cpp_1
    libshutdown.o(.ARM.Collect$$libshutdown$$00000000) refers (Special) to libshutdown2.o(.ARM.Collect$$libshutdown$$00000007) for __rt_lib_shutdown_fp_trap_1
    libshutdown.o(.ARM.Collect$$libshutdown$$00000000) refers (Special) to libshutdown2.o(.ARM.Collect$$libshutdown$$0000000F) for __rt_lib_shutdown_heap_1
    libshutdown.o(.ARM.Collect$$libshutdown$$00000000) refers (Special) to libshutdown2.o(.ARM.Collect$$libshutdown$$00000010) for __rt_lib_shutdown_return
    libshutdown.o(.ARM.Collect$$libshutdown$$00000000) refers (Special) to libshutdown2.o(.ARM.Collect$$libshutdown$$0000000A) for __rt_lib_shutdown_signal_1
    libshutdown.o(.ARM.Collect$$libshutdown$$00000000) refers (Special) to libshutdown2.o(.ARM.Collect$$libshutdown$$00000004) for __rt_lib_shutdown_stdio_1
    libshutdown.o(.ARM.Collect$$libshutdown$$00000000) refers (Special) to libshutdown2.o(.ARM.Collect$$libshutdown$$0000000C) for __rt_lib_shutdown_user_alloc_1
    sys_wrch.o(.text) refers (Special) to use_no_semi.o(.text) for __I$use$semihosting
    sys_wrch.o(.text) refers (Special) to indicate_semi.o(.text) for __semihosting_library_function
    sys_wrch_hlt.o(.text) refers (Special) to use_no_semi.o(.text) for __I$use$semihosting
    sys_wrch_hlt.o(.text) refers (Special) to indicate_semi.o(.text) for __semihosting_library_function
    defsig.o(CL$$defsig) refers to defsig_rtmem_inner.o(.text) for __rt_SIGRTMEM_inner
    defsig_abrt_inner.o(.text) refers to defsig_general.o(.text) for __default_signal_display
    defsig_fpe_inner.o(.text) refers to defsig_general.o(.text) for __default_signal_display
    defsig_rtred_inner.o(.text) refers to defsig_general.o(.text) for __default_signal_display
    defsig_stak_inner.o(.text) refers to defsig_general.o(.text) for __default_signal_display
    defsig_pvfn_inner.o(.text) refers to defsig_general.o(.text) for __default_signal_display
    defsig_cppl_inner.o(.text) refers to defsig_general.o(.text) for __default_signal_display
    defsig_segv_inner.o(.text) refers to defsig_general.o(.text) for __default_signal_display
    defsig_other.o(.text) refers to defsig_general.o(.text) for __default_signal_display


==============================================================================

Removing Unused input sections from the image.

    Removing sample.o(.ARM.exidx), (8 bytes).
    Removing sample.o(.ARM.use_no_argv), (4 bytes).
    Removing functions.o(.text), (60 bytes).
    Removing functions.o(.ARM.exidx), (16 bytes).
    Removing utils.o(.text), (0 bytes).
    Removing game.o(.ARM.exidx), (48 bytes).
    Removing system_lpc17xx.o(.ARM.exidx), (8 bytes).
    Removing funct_led.o(.text), (442 bytes).
    Removing funct_led.o(.ARM.exidx), (56 bytes).
    Removing funct_led.o(.rodata.led_mask), (32 bytes).
    Removing lib_led.o(.text), (70 bytes).
    Removing lib_led.o(.ARM.exidx), (16 bytes).
    Removing lib_led.o(.bss.led_value), (1 bytes).
    Removing irq_button.o(.ARM.exidx), (24 bytes).
    Removing lib_button.o(.ARM.exidx), (8 bytes).
    Removing irq_rit.o(.ARM.exidx), (8 bytes).
    Removing irq_rit.o(.rodata.long_press_count_1), (4 bytes).
    Removing lib_rit.o(.ARM.exidx), (40 bytes).
    Removing lib_joystick.o(.ARM.exidx), (8 bytes).
    Removing asm_functs.o(asm_functions), (704 bytes).
    Removing irq_timer.o(.ARM.exidx), (32 bytes).
    Removing lib_timer.o(.ARM.exidx), (80 bytes).
    Removing asciilib.o(.ARM.exidx), (8 bytes).
    Removing glcd.o(.ARM.exidx), (56 bytes).
    Removing hzlib.o(.text), (36 bytes).
    Removing hzlib.o(.ARM.exidx), (8 bytes).
    Removing hzlib.o(.rodata.HzLib), (216576 bytes).
    Removing touchpanel.o(.text), (2308 bytes).
    Removing touchpanel.o(.ARM.exidx), (96 bytes).
    Removing touchpanel.o(.data.DisplaySample), (12 bytes).
    Removing touchpanel.o(.bss.Read_Ads7846.screen), (4 bytes).
    Removing touchpanel.o(.bss.ScreenSample), (12 bytes).
    Removing touchpanel.o(.bss.matrix), (56 bytes).
    Removing touchpanel.o(.bss.display), (4 bytes).

34 unused section(s) (total 220845 bytes) removed from the image.

==============================================================================

Image Symbol Table

    Local Symbols

    Symbol Name                              Value     Ov Type        Size  Object(Section)

    ../clib/angel/boardlib.s                 0x00000000   Number         0  boardinit1.o ABSOLUTE
    ../clib/angel/boardlib.s                 0x00000000   Number         0  boardinit2.o ABSOLUTE
    ../clib/angel/boardlib.s                 0x00000000   Number         0  boardinit3.o ABSOLUTE
    ../clib/angel/boardlib.s                 0x00000000   Number         0  boardshut.o ABSOLUTE
    ../clib/angel/handlers.s                 0x00000000   Number         0  __scatter_copy.o ABSOLUTE
    ../clib/angel/handlers.s                 0x00000000   Number         0  __scatter_zi.o ABSOLUTE
    ../clib/angel/kernel.s                   0x00000000   Number         0  __rtentry.o ABSOLUTE
    ../clib/angel/kernel.s                   0x00000000   Number         0  __rtentry2.o ABSOLUTE
    ../clib/angel/kernel.s                   0x00000000   Number         0  __rtentry4.o ABSOLUTE
    ../clib/angel/kernel.s                   0x00000000   Number         0  rtexit.o ABSOLUTE
    ../clib/angel/kernel.s                   0x00000000   Number         0  rtexit2.o ABSOLUTE
    ../clib/angel/rt.s                       0x00000000   Number         0  rt_raise.o ABSOLUTE
    ../clib/angel/scatter.s                  0x00000000   Number         0  __scatter.o ABSOLUTE
    ../clib/angel/startup.s                  0x00000000   Number         0  __main.o ABSOLUTE
    ../clib/angel/sys.s                      0x00000000   Number         0  sys_stackheap_outer.o ABSOLUTE
    ../clib/angel/sys.s                      0x00000000   Number         0  libspace.o ABSOLUTE
    ../clib/angel/sys.s                      0x00000000   Number         0  use_no_semi.o ABSOLUTE
    ../clib/angel/sys.s                      0x00000000   Number         0  indicate_semi.o ABSOLUTE
    ../clib/angel/sysapp.c                   0x00000000   Number         0  sys_command.o ABSOLUTE
    ../clib/angel/sysapp.c                   0x00000000   Number         0  sys_command_hlt.o ABSOLUTE
    ../clib/angel/sysapp.c                   0x00000000   Number         0  sys_exit.o ABSOLUTE
    ../clib/angel/sysapp.c                   0x00000000   Number         0  sys_exit_hlt.o ABSOLUTE
    ../clib/angel/sysapp.c                   0x00000000   Number         0  sys_wrch.o ABSOLUTE
    ../clib/angel/sysapp.c                   0x00000000   Number         0  sys_wrch_hlt.o ABSOLUTE
    ../clib/armsys.c                         0x00000000   Number         0  argv_veneer.o ABSOLUTE
    ../clib/armsys.c                         0x00000000   Number         0  argv_veneer.o ABSOLUTE
    ../clib/armsys.c                         0x00000000   Number         0  _get_argv_nomalloc.o ABSOLUTE
    ../clib/armsys.c                         0x00000000   Number         0  no_argv.o ABSOLUTE
    ../clib/heapalloc.c                      0x00000000   Number         0  hrguard.o ABSOLUTE
    ../clib/heapaux.c                        0x00000000   Number         0  heapauxi.o ABSOLUTE
    ../clib/libinit.s                        0x00000000   Number         0  libinit2.o ABSOLUTE
    ../clib/libinit.s                        0x00000000   Number         0  libinit.o ABSOLUTE
    ../clib/libinit.s                        0x00000000   Number         0  libshutdown.o ABSOLUTE
    ../clib/libinit.s                        0x00000000   Number         0  libshutdown2.o ABSOLUTE
    ../clib/memcpset.s                       0x00000000   Number         0  rt_memcpy_v6.o ABSOLUTE
    ../clib/memcpset.s                       0x00000000   Number         0  rt_memclr_w.o ABSOLUTE
    ../clib/memcpset.s                       0x00000000   Number         0  rt_memcpy_w.o ABSOLUTE
    ../clib/signal.c                         0x00000000   Number         0  defsig_rtmem_outer.o ABSOLUTE
    ../clib/signal.c                         0x00000000   Number         0  defsig_rtmem_formal.o ABSOLUTE
    ../clib/signal.c                         0x00000000   Number         0  defsig_exit.o ABSOLUTE
    ../clib/signal.c                         0x00000000   Number         0  defsig_rtmem_inner.o ABSOLUTE
    ../clib/signal.c                         0x00000000   Number         0  __raise.o ABSOLUTE
    ../clib/signal.c                         0x00000000   Number         0  defsig_general.o ABSOLUTE
    ../clib/signal.c                         0x00000000   Number         0  defsig_abrt_inner.o ABSOLUTE
    ../clib/signal.c                         0x00000000   Number         0  defsig_fpe_inner.o ABSOLUTE
    ../clib/signal.c                         0x00000000   Number         0  defsig_rtred_inner.o ABSOLUTE
    ../clib/signal.c                         0x00000000   Number         0  defsig_stak_inner.o ABSOLUTE
    ../clib/signal.c                         0x00000000   Number         0  defsig_pvfn_inner.o ABSOLUTE
    ../clib/signal.c                         0x00000000   Number         0  defsig_cppl_inner.o ABSOLUTE
    ../clib/signal.c                         0x00000000   Number         0  defsig_segv_inner.o ABSOLUTE
    ../clib/signal.c                         0x00000000   Number         0  defsig_other.o ABSOLUTE
    ../clib/signal.s                         0x00000000   Number         0  defsig.o ABSOLUTE
    ../clib/stdlib.c                         0x00000000   Number         0  rand.o ABSOLUTE
    ../clib/stdlib.c                         0x00000000   Number         0  rand.o ABSOLUTE
    ../clib/stdlib.c                         0x00000000   Number         0  exit.o ABSOLUTE
    ../fplib/daddsub.s                       0x00000000   Number         0  daddsub_clz.o ABSOLUTE
    ../fplib/dcmp.s                          0x00000000   Number         0  dcmp.o ABSOLUTE
    ../fplib/dcmpi.s                         0x00000000   Number         0  dcmpi.o ABSOLUTE
    ../fplib/ddiv.s                          0x00000000   Number         0  ddiv.o ABSOLUTE
    ../fplib/deqf.s                          0x00000000   Number         0  deqf.o ABSOLUTE
    ../fplib/dfix.s                          0x00000000   Number         0  dfix.o ABSOLUTE
    ../fplib/dflt.s                          0x00000000   Number         0  dflt_clz.o ABSOLUTE
    ../fplib/dgeqf.s                         0x00000000   Number         0  dgeqf.o ABSOLUTE
    ../fplib/dleqf.s                         0x00000000   Number         0  dleqf.o ABSOLUTE
    ../fplib/dmul.s                          0x00000000   Number         0  dmul.o ABSOLUTE
    ../fplib/dnaninf.s                       0x00000000   Number         0  dnaninf.o ABSOLUTE
    ../fplib/dretinf.s                       0x00000000   Number         0  dretinf.o ABSOLUTE
    ../fplib/fdiv.s                          0x00000000   Number         0  fdiv.o ABSOLUTE
    ../fplib/fflt.s                          0x00000000   Number         0  fflt_clz.o ABSOLUTE
    ../fplib/fnaninf.s                       0x00000000   Number         0  fnaninf.o ABSOLUTE
    ../fplib/fpinit.s                        0x00000000   Number         0  fpinit.o ABSOLUTE
    ../fplib/fpinit_empty.s                  0x00000000   Number         0  fpinit_empty.o ABSOLUTE
    ../fplib/fretinf.s                       0x00000000   Number         0  fretinf.o ABSOLUTE
    ../fplib/usenofp.s                       0x00000000   Number         0  usenofp.o ABSOLUTE
    AsciiLib.c                               0x00000000   Number         0  asciilib.o ABSOLUTE
    GLCD.c                                   0x00000000   Number         0  glcd.o ABSOLUTE
    HzLib.c                                  0x00000000   Number         0  hzlib.o ABSOLUTE
    IRQ_RIT.c                                0x00000000   Number         0  irq_rit.o ABSOLUTE
    IRQ_button.c                             0x00000000   Number         0  irq_button.o ABSOLUTE
    IRQ_timer.c                              0x00000000   Number         0  irq_timer.o ABSOLUTE
    Source\ASM\ASM_functs.s                  0x00000000   Number         0  asm_functs.o ABSOLUTE
    Source\startup_LPC17xx.s                 0x00000000   Number         0  startup_lpc17xx.o ABSOLUTE
    TouchPanel.c                             0x00000000   Number         0  touchpanel.o ABSOLUTE
    dc.s                                     0x00000000   Number         0  dc.o ABSOLUTE
    funct_led.c                              0x00000000   Number         0  funct_led.o ABSOLUTE
    functions.c                              0x00000000   Number         0  functions.o ABSOLUTE
    game.c                                   0x00000000   Number         0  game.o ABSOLUTE
    lib_RIT.c                                0x00000000   Number         0  lib_rit.o ABSOLUTE
    lib_button.c                             0x00000000   Number         0  lib_button.o ABSOLUTE
    lib_joystick.c                           0x00000000   Number         0  lib_joystick.o ABSOLUTE
    lib_led.c                                0x00000000   Number         0  lib_led.o ABSOLUTE
    lib_timer.c                              0x00000000   Number         0  lib_timer.o ABSOLUTE
    sample.c                                 0x00000000   Number         0  sample.o ABSOLUTE
    system_LPC17xx.c                         0x00000000   Number         0  system_lpc17xx.o ABSOLUTE
    utils.c                                  0x00000000   Number         0  utils.o ABSOLUTE
    RESET                                    0x00000000   Section      204  startup_lpc17xx.o(RESET)
    !!!main                                  0x000000cc   Section        8  __main.o(!!!main)
    !!!scatter                               0x000000d4   Section       92  __scatter.o(!!!scatter)
    !!handler_copy                           0x00000130   Section       26  __scatter_copy.o(!!handler_copy)
    !!handler_null                           0x0000014c   Section        2  __scatter.o(!!handler_null)
    !!handler_zi                             0x00000150   Section       28  __scatter_zi.o(!!handler_zi)
    .ARM.Collect$$libinit$$00000000          0x0000016c   Section        2  libinit.o(.ARM.Collect$$libinit$$00000000)
    .ARM.Collect$$libinit$$00000002          0x0000016e   Section        0  libinit2.o(.ARM.Collect$$libinit$$00000002)
    .ARM.Collect$$libinit$$00000004          0x0000016e   Section        0  libinit2.o(.ARM.Collect$$libinit$$00000004)
    .ARM.Collect$$libinit$$00000006          0x0000016e   Section        0  libinit2.o(.ARM.Collect$$libinit$$00000006)
    .ARM.Collect$$libinit$$0000000C          0x0000016e   Section        0  libinit2.o(.ARM.Collect$$libinit$$0000000C)
    .ARM.Collect$$libinit$$0000000E          0x0000016e   Section        0  libinit2.o(.ARM.Collect$$libinit$$0000000E)
    .ARM.Collect$$libinit$$0000000F          0x0000016e   Section        4  libinit2.o(.ARM.Collect$$libinit$$0000000F)
    .ARM.Collect$$libinit$$00000010          0x00000172   Section        0  libinit2.o(.ARM.Collect$$libinit$$00000010)
    .ARM.Collect$$libinit$$00000013          0x00000172   Section        0  libinit2.o(.ARM.Collect$$libinit$$00000013)
    .ARM.Collect$$libinit$$00000015          0x00000172   Section        0  libinit2.o(.ARM.Collect$$libinit$$00000015)
    .ARM.Collect$$libinit$$00000017          0x00000172   Section        0  libinit2.o(.ARM.Collect$$libinit$$00000017)
    .ARM.Collect$$libinit$$00000019          0x00000172   Section        0  libinit2.o(.ARM.Collect$$libinit$$00000019)
    .ARM.Collect$$libinit$$0000001B          0x00000172   Section        0  libinit2.o(.ARM.Collect$$libinit$$0000001B)
    .ARM.Collect$$libinit$$0000001D          0x00000172   Section        0  libinit2.o(.ARM.Collect$$libinit$$0000001D)
    .ARM.Collect$$libinit$$0000001F          0x00000172   Section        0  libinit2.o(.ARM.Collect$$libinit$$0000001F)
    .ARM.Collect$$libinit$$00000021          0x00000172   Section        0  libinit2.o(.ARM.Collect$$libinit$$00000021)
    .ARM.Collect$$libinit$$00000023          0x00000172   Section        0  libinit2.o(.ARM.Collect$$libinit$$00000023)
    .ARM.Collect$$libinit$$00000025          0x00000172   Section        0  libinit2.o(.ARM.Collect$$libinit$$00000025)
    .ARM.Collect$$libinit$$00000027          0x00000172   Section        0  libinit2.o(.ARM.Collect$$libinit$$00000027)
    .ARM.Collect$$libinit$$0000002E          0x00000172   Section        0  libinit2.o(.ARM.Collect$$libinit$$0000002E)
    .ARM.Collect$$libinit$$00000030          0x00000172   Section        0  libinit2.o(.ARM.Collect$$libinit$$00000030)
    .ARM.Collect$$libinit$$00000032          0x00000172   Section        0  libinit2.o(.ARM.Collect$$libinit$$00000032)
    .ARM.Collect$$libinit$$00000034          0x00000172   Section        0  libinit2.o(.ARM.Collect$$libinit$$00000034)
    .ARM.Collect$$libinit$$00000035          0x00000172   Section        2  libinit2.o(.ARM.Collect$$libinit$$00000035)
    .ARM.Collect$$libshutdown$$00000000      0x00000174   Section        2  libshutdown.o(.ARM.Collect$$libshutdown$$00000000)
    .ARM.Collect$$libshutdown$$00000002      0x00000176   Section        0  libshutdown2.o(.ARM.Collect$$libshutdown$$00000002)
    .ARM.Collect$$libshutdown$$00000004      0x00000176   Section        0  libshutdown2.o(.ARM.Collect$$libshutdown$$00000004)
    .ARM.Collect$$libshutdown$$00000007      0x00000176   Section        0  libshutdown2.o(.ARM.Collect$$libshutdown$$00000007)
    .ARM.Collect$$libshutdown$$0000000A      0x00000176   Section        0  libshutdown2.o(.ARM.Collect$$libshutdown$$0000000A)
    .ARM.Collect$$libshutdown$$0000000C      0x00000176   Section        0  libshutdown2.o(.ARM.Collect$$libshutdown$$0000000C)
    .ARM.Collect$$libshutdown$$0000000F      0x00000176   Section        0  libshutdown2.o(.ARM.Collect$$libshutdown$$0000000F)
    .ARM.Collect$$libshutdown$$00000010      0x00000176   Section        2  libshutdown2.o(.ARM.Collect$$libshutdown$$00000010)
    .ARM.Collect$$rtentry$$00000000          0x00000178   Section        0  __rtentry.o(.ARM.Collect$$rtentry$$00000000)
    .ARM.Collect$$rtentry$$00000002          0x00000178   Section        0  __rtentry2.o(.ARM.Collect$$rtentry$$00000002)
    .ARM.Collect$$rtentry$$00000004          0x00000178   Section        6  __rtentry4.o(.ARM.Collect$$rtentry$$00000004)
    .ARM.Collect$$rtentry$$00000009          0x0000017e   Section        0  __rtentry2.o(.ARM.Collect$$rtentry$$00000009)
    .ARM.Collect$$rtentry$$0000000A          0x0000017e   Section        4  __rtentry2.o(.ARM.Collect$$rtentry$$0000000A)
    .ARM.Collect$$rtentry$$0000000C          0x00000182   Section        0  __rtentry2.o(.ARM.Collect$$rtentry$$0000000C)
    .ARM.Collect$$rtentry$$0000000D          0x00000182   Section        8  __rtentry2.o(.ARM.Collect$$rtentry$$0000000D)
    .ARM.Collect$$rtexit$$00000000           0x0000018a   Section        2  rtexit.o(.ARM.Collect$$rtexit$$00000000)
    .ARM.Collect$$rtexit$$00000002           0x0000018c   Section        0  rtexit2.o(.ARM.Collect$$rtexit$$00000002)
    .ARM.Collect$$rtexit$$00000003           0x0000018c   Section        4  rtexit2.o(.ARM.Collect$$rtexit$$00000003)
    .ARM.Collect$$rtexit$$00000004           0x00000190   Section        6  rtexit2.o(.ARM.Collect$$rtexit$$00000004)
    .emb_text                                0x00000198   Section       52  rand.o(.emb_text)
    .text                                    0x000001cc   Section       52  startup_lpc17xx.o(.text)
    [Anonymous Symbol]                       0x00000200   Section        0  sample.o(.text)
    [Anonymous Symbol]                       0x00000290   Section        0  lib_joystick.o(.text)
    .text                                    0x000002f2   Section        0  heapauxi.o(.text)
    .text                                    0x000002f8   Section        2  use_no_semi.o(.text)
    .text                                    0x000002fa   Section        0  indicate_semi.o(.text)
    x$fpl$usenofp                            0x000002fa   Section        0  usenofp.o(x$fpl$usenofp)
    .ARM.__at_0x02FC                         0x000002fc   Section        4  startup_lpc17xx.o(.ARM.__at_0x02FC)
    [Anonymous Symbol]                       0x00000300   Section        0  game.o(.text)
    [Anonymous Symbol]                       0x00000540   Section        0  system_lpc17xx.o(.text)
    [Anonymous Symbol]                       0x00000690   Section        0  irq_button.o(.text)
    [Anonymous Symbol]                       0x0000075c   Section        0  lib_button.o(.text)
    [Anonymous Symbol]                       0x000007d8   Section        0  irq_rit.o(.text)
    [Anonymous Symbol]                       0x00000b28   Section        0  lib_rit.o(.text)
    [Anonymous Symbol]                       0x00000bb4   Section        0  irq_timer.o(.text)
    [Anonymous Symbol]                       0x00000cfc   Section        0  lib_timer.o(.text)
    [Anonymous Symbol]                       0x00001000   Section        0  asciilib.o(.text)
    [Anonymous Symbol]                       0x0000102c   Section        0  glcd.o(.text)
    .text                                    0x00002750   Section        0  rand.o(.text)
    .text                                    0x0000278c   Section       74  sys_stackheap_outer.o(.text)
    .text                                    0x000027d6   Section        0  exit.o(.text)
    .text                                    0x000027e8   Section        8  libspace.o(.text)
    .text                                    0x000027f0   Section        0  sys_exit.o(.text)
    _fdiv1                                   0x000027fd   Thumb Code     0  fdiv.o(x$fpl$fdiv)
    x$fpl$fdiv                               0x000027fc   Section      388  fdiv.o(x$fpl$fdiv)
    x$fpl$ffltu                              0x00002980   Section       38  fflt_clz.o(x$fpl$ffltu)
    x$fpl$fnaninf                            0x000029a6   Section      140  fnaninf.o(x$fpl$fnaninf)
    x$fpl$fretinf                            0x00002a32   Section       10  fretinf.o(x$fpl$fretinf)
    AsciiLib                                 0x00002a3c   Data        1520  asciilib.o(.rodata.AsciiLib)
    [Anonymous Symbol]                       0x00002a3c   Section        0  asciilib.o(.rodata.AsciiLib)
    .bss                                     0x10000000   Section       96  libspace.o(.bss)
    Heap_Mem                                 0x100000a0   Data           0  startup_lpc17xx.o(HEAP)
    Stack_Mem                                0x100000a0   Data         512  startup_lpc17xx.o(STACK)
    HEAP                                     0x100000a0   Section        0  startup_lpc17xx.o(HEAP)
    STACK                                    0x100000a0   Section      512  startup_lpc17xx.o(STACK)
    __initial_sp                             0x100002a0   Data           0  startup_lpc17xx.o(STACK)
    .bss                                     0x2007c004   Section      228  rand.o(.bss)

    Global Symbols

    Symbol Name                              Value     Ov Type        Size  Object(Section)

    BuildAttributes$$THM_ISAv4$P$D$K$B$S$PE$A:L22UL41UL21$X:L11$S22US41US21$IEEE1$IW$~IW$USESV6$~STKCKD$USESV7$~SHL$OTIME$ROPI$EBA8$UX$STANDARDLIB$REQ8$EABIv2 0x00000000   Number         0  anon$$obj.o ABSOLUTE
    __Vectors                                0x00000000   Data           4  startup_lpc17xx.o(RESET)
    __fp_init_empty                          0x00000000   Number         0  fpinit_empty.o ABSOLUTE
    __ARM_exceptions_init                     - Undefined Weak Reference
    __alloca_initialize                       - Undefined Weak Reference
    __arm_preinit_                            - Undefined Weak Reference
    __arm_relocate_pie_                       - Undefined Weak Reference
    __cpp_initialize__aeabi_                  - Undefined Weak Reference
    __cxa_finalize                            - Undefined Weak Reference
    __rt_locale                               - Undefined Weak Reference
    __sigvec_lookup                           - Undefined Weak Reference
    _atexit_init                              - Undefined Weak Reference
    _call_atexit_fns                          - Undefined Weak Reference
    _clock_init                               - Undefined Weak Reference
    _fp_trap_init                             - Undefined Weak Reference
    _fp_trap_shutdown                         - Undefined Weak Reference
    _get_lc_collate                           - Undefined Weak Reference
    _get_lc_ctype                             - Undefined Weak Reference
    _get_lc_monetary                          - Undefined Weak Reference
    _get_lc_numeric                           - Undefined Weak Reference
    _get_lc_time                              - Undefined Weak Reference
    _getenv_init                              - Undefined Weak Reference
    _handle_redirection                       - Undefined Weak Reference
    _init_alloc                               - Undefined Weak Reference
    _init_user_alloc                          - Undefined Weak Reference
    _initio                                   - Undefined Weak Reference
    _signal_finish                            - Undefined Weak Reference
    _signal_init                              - Undefined Weak Reference
    _terminate_alloc                          - Undefined Weak Reference
    _terminate_user_alloc                     - Undefined Weak Reference
    _terminateio                              - Undefined Weak Reference
    __main                                   0x000000cd   Thumb Code     8  __main.o(!!!main)
    __scatterload                            0x000000d5   Thumb Code     0  __scatter.o(!!!scatter)
    __scatterload_rt2                        0x000000d5   Thumb Code    84  __scatter.o(!!!scatter)
    __scatterload_rt2_thumb_only             0x000000d5   Thumb Code     0  __scatter.o(!!!scatter)
    __scatterload_loop                       0x000000df   Thumb Code     0  __scatter.o(!!!scatter)
    __scatterload_copy                       0x00000131   Thumb Code    26  __scatter_copy.o(!!handler_copy)
    __scatterload_null                       0x0000014d   Thumb Code     2  __scatter.o(!!handler_null)
    __scatterload_zeroinit                   0x00000151   Thumb Code    28  __scatter_zi.o(!!handler_zi)
    __rt_lib_init                            0x0000016d   Thumb Code     0  libinit.o(.ARM.Collect$$libinit$$00000000)
    __rt_lib_init_fp_1                       0x0000016f   Thumb Code     0  libinit2.o(.ARM.Collect$$libinit$$00000002)
    __rt_lib_init_heap_1                     0x0000016f   Thumb Code     0  libinit2.o(.ARM.Collect$$libinit$$0000000C)
    __rt_lib_init_preinit_1                  0x0000016f   Thumb Code     0  libinit2.o(.ARM.Collect$$libinit$$00000006)
    __rt_lib_init_rand_2                     0x0000016f   Thumb Code     0  libinit2.o(.ARM.Collect$$libinit$$0000000F)
    __rt_lib_init_relocate_pie_1             0x0000016f   Thumb Code     0  libinit2.o(.ARM.Collect$$libinit$$00000004)
    __rt_lib_init_user_alloc_1               0x0000016f   Thumb Code     0  libinit2.o(.ARM.Collect$$libinit$$0000000E)
    __rt_lib_init_alloca_1                   0x00000173   Thumb Code     0  libinit2.o(.ARM.Collect$$libinit$$00000030)
    __rt_lib_init_argv_1                     0x00000173   Thumb Code     0  libinit2.o(.ARM.Collect$$libinit$$0000002E)
    __rt_lib_init_atexit_1                   0x00000173   Thumb Code     0  libinit2.o(.ARM.Collect$$libinit$$0000001D)
    __rt_lib_init_clock_1                    0x00000173   Thumb Code     0  libinit2.o(.ARM.Collect$$libinit$$00000023)
    __rt_lib_init_cpp_1                      0x00000173   Thumb Code     0  libinit2.o(.ARM.Collect$$libinit$$00000034)
    __rt_lib_init_exceptions_1               0x00000173   Thumb Code     0  libinit2.o(.ARM.Collect$$libinit$$00000032)
    __rt_lib_init_fp_trap_1                  0x00000173   Thumb Code     0  libinit2.o(.ARM.Collect$$libinit$$00000021)
    __rt_lib_init_getenv_1                   0x00000173   Thumb Code     0  libinit2.o(.ARM.Collect$$libinit$$00000025)
    __rt_lib_init_lc_collate_1               0x00000173   Thumb Code     0  libinit2.o(.ARM.Collect$$libinit$$00000013)
    __rt_lib_init_lc_ctype_1                 0x00000173   Thumb Code     0  libinit2.o(.ARM.Collect$$libinit$$00000015)
    __rt_lib_init_lc_monetary_1              0x00000173   Thumb Code     0  libinit2.o(.ARM.Collect$$libinit$$00000017)
    __rt_lib_init_lc_numeric_1               0x00000173   Thumb Code     0  libinit2.o(.ARM.Collect$$libinit$$00000019)
    __rt_lib_init_lc_time_1                  0x00000173   Thumb Code     0  libinit2.o(.ARM.Collect$$libinit$$0000001B)
    __rt_lib_init_rand_1                     0x00000173   Thumb Code     0  libinit2.o(.ARM.Collect$$libinit$$00000010)
    __rt_lib_init_return                     0x00000173   Thumb Code     0  libinit2.o(.ARM.Collect$$libinit$$00000035)
    __rt_lib_init_signal_1                   0x00000173   Thumb Code     0  libinit2.o(.ARM.Collect$$libinit$$0000001F)
    __rt_lib_init_stdio_1                    0x00000173   Thumb Code     0  libinit2.o(.ARM.Collect$$libinit$$00000027)
    __rt_lib_shutdown                        0x00000175   Thumb Code     0  libshutdown.o(.ARM.Collect$$libshutdown$$00000000)
    __rt_lib_shutdown_cpp_1                  0x00000177   Thumb Code     0  libshutdown2.o(.ARM.Collect$$libshutdown$$00000002)
    __rt_lib_shutdown_fp_trap_1              0x00000177   Thumb Code     0  libshutdown2.o(.ARM.Collect$$libshutdown$$00000007)
    __rt_lib_shutdown_heap_1                 0x00000177   Thumb Code     0  libshutdown2.o(.ARM.Collect$$libshutdown$$0000000F)
    __rt_lib_shutdown_return                 0x00000177   Thumb Code     0  libshutdown2.o(.ARM.Collect$$libshutdown$$00000010)
    __rt_lib_shutdown_signal_1               0x00000177   Thumb Code     0  libshutdown2.o(.ARM.Collect$$libshutdown$$0000000A)
    __rt_lib_shutdown_stdio_1                0x00000177   Thumb Code     0  libshutdown2.o(.ARM.Collect$$libshutdown$$00000004)
    __rt_lib_shutdown_user_alloc_1           0x00000177   Thumb Code     0  libshutdown2.o(.ARM.Collect$$libshutdown$$0000000C)
    __rt_entry                               0x00000179   Thumb Code     0  __rtentry.o(.ARM.Collect$$rtentry$$00000000)
    __rt_entry_presh_1                       0x00000179   Thumb Code     0  __rtentry2.o(.ARM.Collect$$rtentry$$00000002)
    __rt_entry_sh                            0x00000179   Thumb Code     0  __rtentry4.o(.ARM.Collect$$rtentry$$00000004)
    __rt_entry_li                            0x0000017f   Thumb Code     0  __rtentry2.o(.ARM.Collect$$rtentry$$0000000A)
    __rt_entry_postsh_1                      0x0000017f   Thumb Code     0  __rtentry2.o(.ARM.Collect$$rtentry$$00000009)
    __rt_entry_main                          0x00000183   Thumb Code     0  __rtentry2.o(.ARM.Collect$$rtentry$$0000000D)
    __rt_entry_postli_1                      0x00000183   Thumb Code     0  __rtentry2.o(.ARM.Collect$$rtentry$$0000000C)
    __rt_exit                                0x0000018b   Thumb Code     0  rtexit.o(.ARM.Collect$$rtexit$$00000000)
    __rt_exit_ls                             0x0000018d   Thumb Code     0  rtexit2.o(.ARM.Collect$$rtexit$$00000003)
    __rt_exit_prels_1                        0x0000018d   Thumb Code     0  rtexit2.o(.ARM.Collect$$rtexit$$00000002)
    __rt_exit_exit                           0x00000191   Thumb Code     0  rtexit2.o(.ARM.Collect$$rtexit$$00000004)
    rand                                     0x00000199   Thumb Code    48  rand.o(.emb_text)
    Reset_Handler                            0x000001cd   Thumb Code     4  startup_lpc17xx.o(.text)
    NMI_Handler                              0x000001d1   Thumb Code     2  startup_lpc17xx.o(.text)
    HardFault_Handler                        0x000001d3   Thumb Code     2  startup_lpc17xx.o(.text)
    MemManage_Handler                        0x000001d5   Thumb Code     2  startup_lpc17xx.o(.text)
    BusFault_Handler                         0x000001d7   Thumb Code     2  startup_lpc17xx.o(.text)
    UsageFault_Handler                       0x000001d9   Thumb Code     2  startup_lpc17xx.o(.text)
    SVC_Handler                              0x000001db   Thumb Code     2  startup_lpc17xx.o(.text)
    DebugMon_Handler                         0x000001dd   Thumb Code     2  startup_lpc17xx.o(.text)
    PendSV_Handler                           0x000001df   Thumb Code     2  startup_lpc17xx.o(.text)
    SysTick_Handler                          0x000001e1   Thumb Code     2  startup_lpc17xx.o(.text)
    ADC_IRQHandler                           0x000001e3   Thumb Code     0  startup_lpc17xx.o(.text)
    BOD_IRQHandler                           0x000001e3   Thumb Code     0  startup_lpc17xx.o(.text)
    CANActivity_IRQHandler                   0x000001e3   Thumb Code     0  startup_lpc17xx.o(.text)
    CAN_IRQHandler                           0x000001e3   Thumb Code     0  startup_lpc17xx.o(.text)
    DMA_IRQHandler                           0x000001e3   Thumb Code     0  startup_lpc17xx.o(.text)
    EINT3_IRQHandler                         0x000001e3   Thumb Code     0  startup_lpc17xx.o(.text)
    ENET_IRQHandler                          0x000001e3   Thumb Code     0  startup_lpc17xx.o(.text)
    I2C0_IRQHandler                          0x000001e3   Thumb Code     0  startup_lpc17xx.o(.text)
    I2C1_IRQHandler                          0x000001e3   Thumb Code     0  startup_lpc17xx.o(.text)
    I2C2_IRQHandler                          0x000001e3   Thumb Code     0  startup_lpc17xx.o(.text)
    I2S_IRQHandler                           0x000001e3   Thumb Code     0  startup_lpc17xx.o(.text)
    MCPWM_IRQHandler                         0x000001e3   Thumb Code     0  startup_lpc17xx.o(.text)
    PLL0_IRQHandler                          0x000001e3   Thumb Code     0  startup_lpc17xx.o(.text)
    PLL1_IRQHandler                          0x000001e3   Thumb Code     0  startup_lpc17xx.o(.text)
    PWM1_IRQHandler                          0x000001e3   Thumb Code     0  startup_lpc17xx.o(.text)
    QEI_IRQHandler                           0x000001e3   Thumb Code     0  startup_lpc17xx.o(.text)
    RTC_IRQHandler                           0x000001e3   Thumb Code     0  startup_lpc17xx.o(.text)
    SPI_IRQHandler                           0x000001e3   Thumb Code     0  startup_lpc17xx.o(.text)
    SSP0_IRQHandler                          0x000001e3   Thumb Code     0  startup_lpc17xx.o(.text)
    SSP1_IRQHandler                          0x000001e3   Thumb Code     0  startup_lpc17xx.o(.text)
    UART0_IRQHandler                         0x000001e3   Thumb Code     0  startup_lpc17xx.o(.text)
    UART1_IRQHandler                         0x000001e3   Thumb Code     0  startup_lpc17xx.o(.text)
    UART2_IRQHandler                         0x000001e3   Thumb Code     0  startup_lpc17xx.o(.text)
    UART3_IRQHandler                         0x000001e3   Thumb Code     0  startup_lpc17xx.o(.text)
    USBActivity_IRQHandler                   0x000001e3   Thumb Code     0  startup_lpc17xx.o(.text)
    USB_IRQHandler                           0x000001e3   Thumb Code     0  startup_lpc17xx.o(.text)
    WDT_IRQHandler                           0x000001e3   Thumb Code     0  startup_lpc17xx.o(.text)
    __user_initial_stackheap                 0x000001e5   Thumb Code     0  startup_lpc17xx.o(.text)
    main                                     0x00000201   Thumb Code   144  sample.o(.text)
    joystick_init                            0x00000291   Thumb Code    98  lib_joystick.o(.text)
    __use_two_region_memory                  0x000002f3   Thumb Code     2  heapauxi.o(.text)
    __rt_heap_escrow$2region                 0x000002f5   Thumb Code     2  heapauxi.o(.text)
    __rt_heap_expand$2region                 0x000002f7   Thumb Code     2  heapauxi.o(.text)
    __I$use$semihosting                      0x000002f9   Thumb Code     0  use_no_semi.o(.text)
    __use_no_semihosting_swi                 0x000002f9   Thumb Code     2  use_no_semi.o(.text)
    __I$use$fp                               0x000002fa   Number         0  usenofp.o(x$fpl$usenofp)
    __semihosting_library_function           0x000002fb   Thumb Code     0  indicate_semi.o(.text)
    DrawBlock                                0x00000301   Thumb Code   160  game.o(.text)
    DrawGridOutline                          0x000003a1   Thumb Code    62  game.o(.text)
    DrawPiece                                0x000003e1   Thumb Code    72  game.o(.text)
    ClearBoard                               0x00000429   Thumb Code    54  game.o(.text)
    ResetGame                                0x00000461   Thumb Code    76  game.o(.text)
    SpawnNewPiece                            0x000004ad   Thumb Code   146  game.o(.text)
    SystemInit                               0x00000541   Thumb Code   320  system_lpc17xx.o(.text)
    EINT0_IRQHandler                         0x00000691   Thumb Code    68  irq_button.o(.text)
    EINT1_IRQHandler                         0x000006d5   Thumb Code    68  irq_button.o(.text)
    EINT2_IRQHandler                         0x00000719   Thumb Code    68  irq_button.o(.text)
    BUTTON_init                              0x0000075d   Thumb Code   124  lib_button.o(.text)
    RIT_IRQHandler                           0x000007d9   Thumb Code   832  irq_rit.o(.text)
    enable_RIT                               0x00000b29   Thumb Code    16  lib_rit.o(.text)
    disable_RIT                              0x00000b39   Thumb Code    16  lib_rit.o(.text)
    reset_RIT                                0x00000b49   Thumb Code    12  lib_rit.o(.text)
    init_RIT                                 0x00000b55   Thumb Code    82  lib_rit.o(.text)
    get_RIT_value                            0x00000ba9   Thumb Code    10  lib_rit.o(.text)
    TIMER0_IRQHandler                        0x00000bb5   Thumb Code   152  irq_timer.o(.text)
    TIMER1_IRQHandler                        0x00000c4d   Thumb Code    58  irq_timer.o(.text)
    TIMER2_IRQHandler                        0x00000c89   Thumb Code    56  irq_timer.o(.text)
    TIMER3_IRQHandler                        0x00000cc1   Thumb Code    58  irq_timer.o(.text)
    enable_timer                             0x00000cfd   Thumb Code    44  lib_timer.o(.text)
    disable_timer                            0x00000d29   Thumb Code    44  lib_timer.o(.text)
    reset_timer                              0x00000d55   Thumb Code    48  lib_timer.o(.text)
    init_timer                               0x00000d85   Thumb Code   374  lib_timer.o(.text)
    toggle_timer                             0x00000efd   Thumb Code    50  lib_timer.o(.text)
    get_timer_value                          0x00000f31   Thumb Code    50  lib_timer.o(.text)
    get_timer_value_in_sec                   0x00000f65   Thumb Code    66  lib_timer.o(.text)
    is_timer_enabled                         0x00000fa9   Thumb Code    48  lib_timer.o(.text)
    power_on_timer2                          0x00000fd9   Thumb Code    18  lib_timer.o(.text)
    power_on_timer3                          0x00000fed   Thumb Code    18  lib_timer.o(.text)
    GetASCIICode                             0x00001001   Thumb Code    42  asciilib.o(.text)
    LCD_Initialization                       0x0000102d   Thumb Code  4466  glcd.o(.text)
    LCD_Clear                                0x000021a1   Thumb Code   292  glcd.o(.text)
    LCD_GetPoint                             0x000022c5   Thumb Code   356  glcd.o(.text)
    LCD_SetPoint                             0x00002429   Thumb Code   322  glcd.o(.text)
    LCD_DrawLine                             0x0000256d   Thumb Code   224  glcd.o(.text)
    PutChar                                  0x0000264d   Thumb Code   102  glcd.o(.text)
    GUI_Text                                 0x000026b5   Thumb Code   156  glcd.o(.text)
    srand                                    0x00002751   Thumb Code    42  rand.o(.text)
    _rand_init                               0x0000277b   Thumb Code     4  rand.o(.text)
    __user_setup_stackheap                   0x0000278d   Thumb Code    74  sys_stackheap_outer.o(.text)
    exit                                     0x000027d7   Thumb Code    18  exit.o(.text)
    __user_libspace                          0x000027e9   Thumb Code     8  libspace.o(.text)
    __user_perproc_libspace                  0x000027e9   Thumb Code     0  libspace.o(.text)
    __user_perthread_libspace                0x000027e9   Thumb Code     0  libspace.o(.text)
    _sys_exit                                0x000027f1   Thumb Code     8  sys_exit.o(.text)
    __aeabi_fdiv                             0x000027fd   Thumb Code     0  fdiv.o(x$fpl$fdiv)
    _fdiv                                    0x000027fd   Thumb Code   384  fdiv.o(x$fpl$fdiv)
    __aeabi_ui2f                             0x00002981   Thumb Code     0  fflt_clz.o(x$fpl$ffltu)
    _ffltu                                   0x00002981   Thumb Code    38  fflt_clz.o(x$fpl$ffltu)
    __fpl_fnaninf                            0x000029a7   Thumb Code   140  fnaninf.o(x$fpl$fnaninf)
    __fpl_fretinf                            0x00002a33   Thumb Code    10  fretinf.o(x$fpl$fretinf)
    TETROMINOS                               0x0000302c   Data          70  game.o(.rodata.TETROMINOS)
    Region$$Table$$Base                      0x00003074   Number         0  anon$$obj.o(Region$$Table)
    Region$$Table$$Limit                     0x000030a4   Number         0  anon$$obj.o(Region$$Table)
    __libspace_start                         0x10000000   Data          96  libspace.o(.bss)
    J_click                                  0x10000060   Data           4  irq_rit.o(.bss.J_click)
    __temporary_stack_top$libspace           0x10000060   Data           0  libspace.o(.bss)
    J_down_right                             0x10000064   Data           4  irq_rit.o(.bss.J_down_right)
    J_right                                  0x10000068   Data           4  irq_rit.o(.bss.J_right)
    J_up                                     0x1000006c   Data           4  irq_rit.o(.bss.J_up)
    J_up_right                               0x10000070   Data           4  irq_rit.o(.bss.J_up_right)
    currentPiece                             0x10000074   Data          10  game.o(.bss.currentPiece)
    currentX                                 0x10000080   Data           4  game.o(.bss.currentX)
    currentY                                 0x10000084   Data           4  game.o(.bss.currentY)
    down_0                                   0x10000088   Data           4  irq_rit.o(.bss.down_0)
    down_2                                   0x1000008c   Data           4  irq_rit.o(.bss.down_2)
    linesCleared                             0x10000090   Data           4  game.o(.bss.linesCleared)
    score                                    0x10000094   Data           4  game.o(.bss.score)
    toRelease_down_1                         0x10000098   Data           4  irq_rit.o(.bss.toRelease_down_1)
    SystemFrequency                          0x2007c000   Data           4  system_lpc17xx.o(.data.SystemFrequency)
    _random_number_data                      0x2007c004   Data         228  rand.o(.bss)
    J_down                                   0x2007c0e8   Data           4  irq_rit.o(.bss.J_down)
    J_down_left                              0x2007c0ec   Data           4  irq_rit.o(.bss.J_down_left)
    J_left                                   0x2007c0f0   Data           4  irq_rit.o(.bss.J_left)
    J_up_left                                0x2007c0f4   Data           4  irq_rit.o(.bss.J_up_left)
    ScaleFlag                                0x2007c0f8   Data           1  system_lpc17xx.o(.bss.ScaleFlag)
    board                                    0x2007c0fa   Data         400  game.o(.bss.board)
    currentGameState                         0x2007c28a   Data           1  game.o(.bss.currentGameState)
    down_1                                   0x2007c28c   Data           4  irq_rit.o(.bss.down_1)
    highScore                                0x2007c290   Data           4  game.o(.bss.highScore)
    toRelease_down_0                         0x2007c294   Data           4  irq_rit.o(.bss.toRelease_down_0)
    toRelease_down_2                         0x2007c298   Data           4  irq_rit.o(.bss.toRelease_down_2)



==============================================================================

Memory Map of the image

  Image Entry point : 0x000000cd

  Load Region LR_IROM1 (Base: 0x00000000, Size: 0x000030a8, Max: 0x00080000, ABSOLUTE)

    Execution Region ER_IROM1 (Exec base: 0x00000000, Load base: 0x00000000, Size: 0x000030a4, Max: 0x00080000, ABSOLUTE)

    Exec Addr    Load Addr    Size         Type   Attr      Idx    E Section Name        Object

    0x00000000   0x00000000   0x000000cc   Data   RO            3    RESET               startup_lpc17xx.o
    0x000000cc   0x000000cc   0x00000008   Code   RO          203  * !!!main             c_w.l(__main.o)
    0x000000d4   0x000000d4   0x0000005c   Code   RO          421    !!!scatter          c_w.l(__scatter.o)
    0x00000130   0x00000130   0x0000001a   Code   RO          425    !!handler_copy      c_w.l(__scatter_copy.o)
    0x0000014a   0x0000014a   0x00000002   PAD
    0x0000014c   0x0000014c   0x00000002   Code   RO          422    !!handler_null      c_w.l(__scatter.o)
    0x0000014e   0x0000014e   0x00000002   PAD
    0x00000150   0x00000150   0x0000001c   Code   RO          427    !!handler_zi        c_w.l(__scatter_zi.o)
    0x0000016c   0x0000016c   0x00000002   Code   RO          338    .ARM.Collect$$libinit$$00000000  c_w.l(libinit.o)
    0x0000016e   0x0000016e   0x00000000   Code   RO          243    .ARM.Collect$$libinit$$00000002  c_w.l(libinit2.o)
    0x0000016e   0x0000016e   0x00000000   Code   RO          245    .ARM.Collect$$libinit$$00000004  c_w.l(libinit2.o)
    0x0000016e   0x0000016e   0x00000000   Code   RO          247    .ARM.Collect$$libinit$$00000006  c_w.l(libinit2.o)
    0x0000016e   0x0000016e   0x00000000   Code   RO          250    .ARM.Collect$$libinit$$0000000C  c_w.l(libinit2.o)
    0x0000016e   0x0000016e   0x00000000   Code   RO          252    .ARM.Collect$$libinit$$0000000E  c_w.l(libinit2.o)
    0x0000016e   0x0000016e   0x00000004   Code   RO          253    .ARM.Collect$$libinit$$0000000F  c_w.l(libinit2.o)
    0x00000172   0x00000172   0x00000000   Code   RO          254    .ARM.Collect$$libinit$$00000010  c_w.l(libinit2.o)
    0x00000172   0x00000172   0x00000000   Code   RO          257    .ARM.Collect$$libinit$$00000013  c_w.l(libinit2.o)
    0x00000172   0x00000172   0x00000000   Code   RO          259    .ARM.Collect$$libinit$$00000015  c_w.l(libinit2.o)
    0x00000172   0x00000172   0x00000000   Code   RO          261    .ARM.Collect$$libinit$$00000017  c_w.l(libinit2.o)
    0x00000172   0x00000172   0x00000000   Code   RO          263    .ARM.Collect$$libinit$$00000019  c_w.l(libinit2.o)
    0x00000172   0x00000172   0x00000000   Code   RO          265    .ARM.Collect$$libinit$$0000001B  c_w.l(libinit2.o)
    0x00000172   0x00000172   0x00000000   Code   RO          267    .ARM.Collect$$libinit$$0000001D  c_w.l(libinit2.o)
    0x00000172   0x00000172   0x00000000   Code   RO          269    .ARM.Collect$$libinit$$0000001F  c_w.l(libinit2.o)
    0x00000172   0x00000172   0x00000000   Code   RO          271    .ARM.Collect$$libinit$$00000021  c_w.l(libinit2.o)
    0x00000172   0x00000172   0x00000000   Code   RO          273    .ARM.Collect$$libinit$$00000023  c_w.l(libinit2.o)
    0x00000172   0x00000172   0x00000000   Code   RO          275    .ARM.Collect$$libinit$$00000025  c_w.l(libinit2.o)
    0x00000172   0x00000172   0x00000000   Code   RO          277    .ARM.Collect$$libinit$$00000027  c_w.l(libinit2.o)
    0x00000172   0x00000172   0x00000000   Code   RO          281    .ARM.Collect$$libinit$$0000002E  c_w.l(libinit2.o)
    0x00000172   0x00000172   0x00000000   Code   RO          283    .ARM.Collect$$libinit$$00000030  c_w.l(libinit2.o)
    0x00000172   0x00000172   0x00000000   Code   RO          285    .ARM.Collect$$libinit$$00000032  c_w.l(libinit2.o)
    0x00000172   0x00000172   0x00000000   Code   RO          287    .ARM.Collect$$libinit$$00000034  c_w.l(libinit2.o)
    0x00000172   0x00000172   0x00000002   Code   RO          288    .ARM.Collect$$libinit$$00000035  c_w.l(libinit2.o)
    0x00000174   0x00000174   0x00000002   Code   RO          380    .ARM.Collect$$libshutdown$$00000000  c_w.l(libshutdown.o)
    0x00000176   0x00000176   0x00000000   Code   RO          388    .ARM.Collect$$libshutdown$$00000002  c_w.l(libshutdown2.o)
    0x00000176   0x00000176   0x00000000   Code   RO          390    .ARM.Collect$$libshutdown$$00000004  c_w.l(libshutdown2.o)
    0x00000176   0x00000176   0x00000000   Code   RO          393    .ARM.Collect$$libshutdown$$00000007  c_w.l(libshutdown2.o)
    0x00000176   0x00000176   0x00000000   Code   RO          396    .ARM.Collect$$libshutdown$$0000000A  c_w.l(libshutdown2.o)
    0x00000176   0x00000176   0x00000000   Code   RO          398    .ARM.Collect$$libshutdown$$0000000C  c_w.l(libshutdown2.o)
    0x00000176   0x00000176   0x00000000   Code   RO          401    .ARM.Collect$$libshutdown$$0000000F  c_w.l(libshutdown2.o)
    0x00000176   0x00000176   0x00000002   Code   RO          402    .ARM.Collect$$libshutdown$$00000010  c_w.l(libshutdown2.o)
    0x00000178   0x00000178   0x00000000   Code   RO          239    .ARM.Collect$$rtentry$$00000000  c_w.l(__rtentry.o)
    0x00000178   0x00000178   0x00000000   Code   RO          305    .ARM.Collect$$rtentry$$00000002  c_w.l(__rtentry2.o)
    0x00000178   0x00000178   0x00000006   Code   RO          317    .ARM.Collect$$rtentry$$00000004  c_w.l(__rtentry4.o)
    0x0000017e   0x0000017e   0x00000000   Code   RO          307    .ARM.Collect$$rtentry$$00000009  c_w.l(__rtentry2.o)
    0x0000017e   0x0000017e   0x00000004   Code   RO          308    .ARM.Collect$$rtentry$$0000000A  c_w.l(__rtentry2.o)
    0x00000182   0x00000182   0x00000000   Code   RO          310    .ARM.Collect$$rtentry$$0000000C  c_w.l(__rtentry2.o)
    0x00000182   0x00000182   0x00000008   Code   RO          311    .ARM.Collect$$rtentry$$0000000D  c_w.l(__rtentry2.o)
    0x0000018a   0x0000018a   0x00000002   Code   RO          346    .ARM.Collect$$rtexit$$00000000  c_w.l(rtexit.o)
    0x0000018c   0x0000018c   0x00000000   Code   RO          358    .ARM.Collect$$rtexit$$00000002  c_w.l(rtexit2.o)
    0x0000018c   0x0000018c   0x00000004   Code   RO          359    .ARM.Collect$$rtexit$$00000003  c_w.l(rtexit2.o)
    0x00000190   0x00000190   0x00000006   Code   RO          360    .ARM.Collect$$rtexit$$00000004  c_w.l(rtexit2.o)
    0x00000196   0x00000196   0x00000002   PAD
    0x00000198   0x00000198   0x00000034   Code   RO          192    .emb_text           c_w.l(rand.o)
    0x000001cc   0x000001cc   0x00000034   Code   RO            5    .text               startup_lpc17xx.o
    0x00000200   0x00000200   0x00000090   Code   RO           13    .text               sample.o
    0x00000290   0x00000290   0x00000062   Code   RO          121    .text               lib_joystick.o
    0x000002f2   0x000002f2   0x00000006   Code   RO          201    .text               c_w.l(heapauxi.o)
    0x000002f8   0x000002f8   0x00000002   Code   RO          354    .text               c_w.l(use_no_semi.o)
    0x000002fa   0x000002fa   0x00000000   Code   RO          356    .text               c_w.l(indicate_semi.o)
    0x000002fa   0x000002fa   0x00000000   Code   RO          303    x$fpl$usenofp       fz_ws.l(usenofp.o)
    0x000002fa   0x000002fa   0x00000002   PAD
    0x000002fc   0x000002fc   0x00000004   Code   RO            4    .ARM.__at_0x02FC    startup_lpc17xx.o
    0x00000300   0x00000300   0x0000023e   Code   RO           30    .text               game.o
    0x0000053e   0x0000053e   0x00000002   PAD
    0x00000540   0x00000540   0x00000150   Code   RO           47    .text               system_lpc17xx.o
    0x00000690   0x00000690   0x000000cc   Code   RO           75    .text               irq_button.o
    0x0000075c   0x0000075c   0x0000007c   Code   RO           82    .text               lib_button.o
    0x000007d8   0x000007d8   0x00000350   Code   RO           89    .text               irq_rit.o
    0x00000b28   0x00000b28   0x0000008a   Code   RO          113    .text               lib_rit.o
    0x00000bb2   0x00000bb2   0x00000002   PAD
    0x00000bb4   0x00000bb4   0x00000146   Code   RO          132    .text               irq_timer.o
    0x00000cfa   0x00000cfa   0x00000002   PAD
    0x00000cfc   0x00000cfc   0x00000302   Code   RO          141    .text               lib_timer.o
    0x00000ffe   0x00000ffe   0x00000002   PAD
    0x00001000   0x00001000   0x0000002a   Code   RO          149    .text               asciilib.o
    0x0000102a   0x0000102a   0x00000002   PAD
    0x0000102c   0x0000102c   0x00001724   Code   RO          158    .text               glcd.o
    0x00002750   0x00002750   0x0000003c   Code   RO          193    .text               c_w.l(rand.o)
    0x0000278c   0x0000278c   0x0000004a   Code   RO          325    .text               c_w.l(sys_stackheap_outer.o)
    0x000027d6   0x000027d6   0x00000012   Code   RO          327    .text               c_w.l(exit.o)
    0x000027e8   0x000027e8   0x00000008   Code   RO          343    .text               c_w.l(libspace.o)
    0x000027f0   0x000027f0   0x0000000c   Code   RO          370    .text               c_w.l(sys_exit.o)
    0x000027fc   0x000027fc   0x00000184   Code   RO          230    x$fpl$fdiv          fz_ws.l(fdiv.o)
    0x00002980   0x00002980   0x00000026   Code   RO          233    x$fpl$ffltu         fz_ws.l(fflt_clz.o)
    0x000029a6   0x000029a6   0x0000008c   Code   RO          299    x$fpl$fnaninf       fz_ws.l(fnaninf.o)
    0x00002a32   0x00002a32   0x0000000a   Code   RO          301    x$fpl$fretinf       fz_ws.l(fretinf.o)
    0x00002a3c   0x00002a3c   0x000005f0   Data   RO          151    .rodata.AsciiLib    asciilib.o
    0x0000302c   0x0000302c   0x00000046   Data   RO           39    .rodata.TETROMINOS  game.o
    0x00003072   0x00003072   0x00000002   PAD
    0x00003074   0x00003074   0x00000030   Data   RO          420    Region$$Table       anon$$obj.o


    Execution Region RW_IRAM1 (Exec base: 0x10000000, Load base: 0x000030a4, Size: 0x000002a0, Max: 0x00008000, ABSOLUTE)

    Exec Addr    Load Addr    Size         Type   Attr      Idx    E Section Name        Object

    0x10000000        -       0x00000060   Zero   RW          344    .bss                c_w.l(libspace.o)
    0x10000060        -       0x00000004   Zero   RW          101    .bss.J_click        irq_rit.o
    0x10000064        -       0x00000004   Zero   RW          105    .bss.J_down_right   irq_rit.o
    0x10000068        -       0x00000004   Zero   RW           99    .bss.J_right        irq_rit.o
    0x1000006c        -       0x00000004   Zero   RW           97    .bss.J_up           irq_rit.o
    0x10000070        -       0x00000004   Zero   RW          103    .bss.J_up_right     irq_rit.o
    0x10000074        -       0x0000000a   Zero   RW           40    .bss.currentPiece   game.o
    0x1000007e   0x000030a4   0x00000002   PAD
    0x10000080        -       0x00000004   Zero   RW           34    .bss.currentX       game.o
    0x10000084        -       0x00000004   Zero   RW           35    .bss.currentY       game.o
    0x10000088        -       0x00000004   Zero   RW           91    .bss.down_0         irq_rit.o
    0x1000008c        -       0x00000004   Zero   RW           93    .bss.down_2         irq_rit.o
    0x10000090        -       0x00000004   Zero   RW           38    .bss.linesCleared   game.o
    0x10000094        -       0x00000004   Zero   RW           36    .bss.score          game.o
    0x10000098        -       0x00000004   Zero   RW           95    .bss.toRelease_down_1  irq_rit.o
    0x1000009c   0x000030a4   0x00000004   PAD
    0x100000a0        -       0x00000000   Zero   RW            2    HEAP                startup_lpc17xx.o
    0x100000a0        -       0x00000200   Zero   RW            1    STACK               startup_lpc17xx.o


    Execution Region RW_IRAM2 (Exec base: 0x2007c000, Load base: 0x000030a4, Size: 0x0000029c, Max: 0x00008000, ABSOLUTE)

    Exec Addr    Load Addr    Size         Type   Attr      Idx    E Section Name        Object

    0x2007c000   0x000030a4   0x00000004   Data   RW           49    .data.SystemFrequency  system_lpc17xx.o
    0x2007c004        -       0x000000e4   Zero   RW          194    .bss                c_w.l(rand.o)
    0x2007c0e8        -       0x00000004   Zero   RW           98    .bss.J_down         irq_rit.o
    0x2007c0ec        -       0x00000004   Zero   RW          104    .bss.J_down_left    irq_rit.o
    0x2007c0f0        -       0x00000004   Zero   RW          100    .bss.J_left         irq_rit.o
    0x2007c0f4        -       0x00000004   Zero   RW          102    .bss.J_up_left      irq_rit.o
    0x2007c0f8        -       0x00000001   Zero   RW           50    .bss.ScaleFlag      system_lpc17xx.o
    0x2007c0f9   0x000030a8   0x00000001   PAD
    0x2007c0fa        -       0x00000190   Zero   RW           32    .bss.board          game.o
    0x2007c28a        -       0x00000001   Zero   RW           33    .bss.currentGameState  game.o
    0x2007c28b   0x000030a8   0x00000001   PAD
    0x2007c28c        -       0x00000004   Zero   RW           92    .bss.down_1         irq_rit.o
    0x2007c290        -       0x00000004   Zero   RW           37    .bss.highScore      game.o
    0x2007c294        -       0x00000004   Zero   RW           94    .bss.toRelease_down_0  irq_rit.o
    0x2007c298        -       0x00000004   Zero   RW           96    .bss.toRelease_down_2  irq_rit.o


==============================================================================

Image component sizes


      Code (inc. data)   RO Data    RW Data    ZI Data      Debug   Object Name

        42          0       1520          0          0        760   asciilib.o
       574          0         70          0        431       3091   game.o
      5924          0          0          0          0      18200   glcd.o
       204          0          0          0          0       4080   irq_button.o
       848         16          0          0         60       6172   irq_rit.o
       326          0          0          0          0       2058   irq_timer.o
       124          0          0          0          0       5643   lib_button.o
        98          0          0          0          0       2613   lib_joystick.o
       138          0          0          0          0       4297   lib_rit.o
       770         48          0          0          0       6963   lib_timer.o
       144          0          0          0          0       1892   sample.o
        56         22        204          0        512       1192   startup_lpc17xx.o
       336         20          0          4          1       2252   system_lpc17xx.o

    ----------------------------------------------------------------------
      9594        106       1844          4       1012      59213   Object Totals
         0          0         48          0          0          0   (incl. Generated)
        10          0          2          0          8          0   (incl. Padding)

    ----------------------------------------------------------------------

      Code (inc. data)   RO Data    RW Data    ZI Data      Debug   Library Member Name

         8          0          0          0          0         68   __main.o
         0          0          0          0          0          0   __rtentry.o
        12          0          0          0          0          0   __rtentry2.o
         6          0          0          0          0          0   __rtentry4.o
        94          8          0          0          0          0   __scatter.o
        26          0          0          0          0          0   __scatter_copy.o
        28          0          0          0          0          0   __scatter_zi.o
        18          0          0          0          0         80   exit.o
         6          0          0          0          0        152   heapauxi.o
         0          0          0          0          0          0   indicate_semi.o
         2          0          0          0          0          0   libinit.o
         6          0          0          0          0          0   libinit2.o
         2          0          0          0          0          0   libshutdown.o
         2          0          0          0          0          0   libshutdown2.o
         8          4          0          0         96         68   libspace.o
       112         18          0          0        228        160   rand.o
         2          0          0          0          0          0   rtexit.o
        10          0          0          0          0          0   rtexit2.o
        12          4          0          0          0         68   sys_exit.o
        74          0          0          0          0         80   sys_stackheap_outer.o
         2          0          0          0          0         68   use_no_semi.o
       388         76          0          0          0         96   fdiv.o
        38          0          0          0          0         68   fflt_clz.o
       140          4          0          0          0         84   fnaninf.o
        10          0          0          0          0         68   fretinf.o
         0          0          0          0          0          0   usenofp.o

    ----------------------------------------------------------------------
      1014        114          0          0        324       1060   Library Totals
         8          0          0          0          0          0   (incl. Padding)

    ----------------------------------------------------------------------

      Code (inc. data)   RO Data    RW Data    ZI Data      Debug   Library Name

       430         34          0          0        324        744   c_w.l
       576         80          0          0          0        316   fz_ws.l

    ----------------------------------------------------------------------
      1014        114          0          0        324       1060   Library Totals

    ----------------------------------------------------------------------

==============================================================================


      Code (inc. data)   RO Data    RW Data    ZI Data      Debug   

     10608        220       1844          4       1336      59701   Grand Totals
     10608        220       1844          4       1336      59701   ELF Image Totals
     10608        220       1844          4          0          0   ROM Totals

==============================================================================

    Total RO  Size (Code + RO Data)                12452 (  12.16kB)
    Total RW  Size (RW Data + ZI Data)              1340 (   1.31kB)
    Total ROM Size (Code + RO Data + RW Data)      12456 (  12.16kB)

==============================================================================

